
> taka-website@0.0.1 dev
> astro dev --host 127.0.0.1 --port 4321

[2m23:53:37[22m [34m[vite][39m connected.
[2m23:53:40[22m [34m[types][39m Generated [2m2ms[22m
[2m23:53:40[22m [34m[vite][39m connected.
[2m23:53:40[22m [34m[vite][39m Re-optimizing dependencies because vite config has changed
[42m[1m astro [22m[49m [32mv7.1.3[39m [2mready in[22m 3553 [2mms[22m
[2m┃[22m Local    [36mhttp://127.0.0.1:4321/[39m
[2m23:53:40[22m [32mwatching for file changes...[39m
[2m23:53:41[22m [34m[vite][39m [optimizer] bundling dependencies...
[2m23:53:59[22m [34m[200][39m / [2m57ms[22m
[2m23:53:59[22m [34m[200][39m / [2m11ms[22m
[2m23:54:09[22m [34m[200][39m /about [2m39ms[22m
[2m00:12:03[22m [34m[200][39m / [2m23ms[22m
[2m00:12:35[22m [34m[200][39m / [2m18ms[22m
[2m00:13:19[22m [34m[200][39m /products [2m23ms[22m
[2m00:13:21[22m [34m[200][39m / [2m10ms[22m
[2m00:13:27[22m [34m[200][39m / [2m7ms[22m
[2m00:14:18[22m [34m[200][39m / [2m13ms[22m
[2m00:14:39[22m [34m[watch][39m /src/pages/products.astro?astro&type=style&index=0&lang.css
[2m00:14:40[22m [34m[watch][39m /src/pages/about.astro?astro&type=style&index=0&lang.css
[2m00:14:40[22m [34m[200][39m / [2m21ms[22m
[2m00:14:40[22m [34m[watch][39m /src/pages/index.astro?astro&type=style&index=0&lang.css
[2m00:14:40[22m [34m[200][39m / [2m32ms[22m
[2m00:15:07[22m [34m[watch][39m /src/components/Footer.astro?astro&type=style&index=0&lang.css
[2m00:15:07[22m [34m[200][39m / [2m33ms[22m
[2m00:15:07[22m [34m[200][39m / [2m4ms[22m
[2m00:15:08[22m [34m[200][39m / [2m14ms[22m
[2m00:16:25[22m [34m[200][39m /products [2m35ms[22m
[2m00:16:43[22m [34m[200][39m / [2m9ms[22m
[2m00:16:59[22m [34m[200][39m / [2m6ms[22m
[2m00:17:06[22m [34m[200][39m /about [2m19ms[22m
[2m00:18:01[22m [34m[200][39m /products [2m16ms[22m
[2m00:18:44[22m [34m[200][39m / [2m10ms[22m
[2m00:20:24[22m [34m[200][39m /products [2m15ms[22m
[2m00:20:30[22m [34m[200][39m /services [2m33ms[22m
[2m00:20:37[22m [34m[watch][39m /src/pages/index.astro?astro&type=style&index=0&lang.css
[2m00:20:37[22m [34m[200][39m /services [2m19ms[22m
[2m00:20:37[22m [34m[200][39m /about [2m16ms[22m
[2m00:20:39[22m [34m[200][39m /products [2m12ms[22m
[2m00:21:28[22m [34m[200][39m /services [2m9ms[22m
[2m00:21:29[22m [34m[200][39m /about [2m6ms[22m
[2m00:21:41[22m [34m[200][39m / [2m25ms[22m
[2m00:21:57[22m [34m[watch][39m /src/pages/products.astro?astro&type=style&index=0&lang.css
[2m00:21:57[22m [34m[200][39m /about [2m46ms[22m
[2m00:21:58[22m [34m[200][39m / [2m21ms[22m
[2m00:22:58[22m [34m[200][39m /products [2m86ms[22m
[2m00:23:47[22m [34m[200][39m /products [2m15ms[22m
[2m00:27:57[22m [34m[200][39m /products [2m16ms[22m
[2m00:28:15[22m [34m[200][39m /contact [2m44ms[22m
[2m00:28:29[22m [34m[200][39m / [2m6ms[22m
[2m00:28:41[22m [34m[watch][39m /src/pages/products.astro?astro&type=style&index=0&lang.css
[2m00:30:32[22m [34m[watch][39m src/pages/products.astro
[2m00:30:32[22m [34m[200][39m /products [2m30ms[22m
[2m00:30:33[22m [34m[200][39m / [2m7ms[22m
[2m00:31:51[22m [34m[200][39m / [2m9ms[22m
[2m00:33:32[22m [34m[200][39m / [2m12ms[22m
[2m00:33:59[22m [34m[200][39m / [2m10ms[22m
[2m00:34:57[22m [34m[watch][39m /src/pages/index.astro?astro&type=style&index=0&lang.css
[2m00:34:58[22m [34m[200][39m / [2m26ms[22m
[2m00:37:44[22m [34m[watch][39m /src/pages/index.astro?astro&type=style&index=0&lang.css
[2m00:39:48[22m [34m[200][39m /products [2m30ms[22m
[2m00:41:49[22m [34m[200][39m / [2m8ms[22m
[2m00:41:50[22m [34m[200][39m / [2m13ms[22m
[2m00:41:52[22m [34m[200][39m /products [2m8ms[22m
[2m00:45:07[22m [34m[watch][39m /src/pages/index.astro?astro&type=style&index=0&lang.css
[2m00:47:56[22m [34m[watch][39m /src/pages/index.astro?astro&type=style&index=0&lang.css
[2m00:49:12[22m [34m[200][39m / [2m19ms[22m
[2m00:49:14[22m [34m[200][39m / [2m6ms[22m
[2m00:49:15[22m [34m[200][39m / [2m6ms[22m
[2m00:49:37[22m [34m[200][39m / [2m16ms[22m
[2m00:54:01[22m [34m[watch][39m /src/pages/index.astro?astro&type=style&index=0&lang.css
[2m00:57:08[22m [34m[200][39m / [2m13ms[22m
[2m00:57:58[22m [34m[watch][39m /src/pages/index.astro?astro&type=style&index=0&lang.css
[2m01:08:58[22m [34m[200][39m /products [2m21ms[22m
[2m01:09:00[22m [34m[200][39m / [2m6ms[22m
[2m01:09:56[22m [34m[watch][39m /src/pages/index.astro?astro&type=style&index=0&lang.css
[2m01:09:56[22m [34m[200][39m / [2m61ms[22m
[2m01:09:57[22m [34m[200][39m / [2m6ms[22m
[2m01:09:57[22m [34m[200][39m / [2m5ms[22m
[2m01:12:43[22m [34m[watch][39m /src/pages/index.astro?astro&type=style&index=0&lang.css
[2m01:13:38[22m [34m[watch][39m /src/pages/index.astro?astro&type=style&index=0&lang.css
[2m01:13:39[22m [34m[200][39m / [2m84ms[22m
[2m01:13:39[22m [34m[200][39m / [2m15ms[22m
[2m01:20:38[22m [34m[watch][39m src/components/Header.astro
[2m01:20:38[22m [34m[200][39m / [2m24ms[22m
[2m01:20:39[22m [34m[200][39m / [2m7ms[22m
[2m01:21:07[22m [34m[200][39m / [2m10ms[22m
[2m01:21:18[22m [34m[watch][39m /src/pages/index.astro?astro&type=style&index=0&lang.css
[2m01:21:18[22m [34m[watch][39m /src/pages/about.astro?astro&type=style&index=0&lang.css
[2m01:21:18[22m [34m[200][39m / [2m40ms[22m
[2m01:21:18[22m [34m[200][39m / [2m40ms[22m
[2m01:21:18[22m [34m[200][39m / [2m40ms[22m
[2m01:21:18[22m [34m[200][39m / [2m33ms[22m
[2m01:21:18[22m [34m[watch][39m src/pages/products.astro
[2m01:21:18[22m [34m[watch][39m /src/pages/services.astro?astro&type=style&index=0&lang.css
[2m01:21:18[22m [34m[watch][39m /src/pages/contact.astro?astro&type=style&index=0&lang.css
[2m01:21:18[22m [34m[200][39m / [2m30ms[22m
[2m01:21:18[22m [34m[200][39m / [2m8ms[22m
[2m01:21:18[22m [34m[200][39m / [2m4ms[22m
[2m01:21:33[22m [34m[watch][39m /src/styles/global.css
[2m01:23:07[22m [34m[watch][39m src/components/Header.astro
[2m01:23:07[22m [34m[200][39m / [2m37ms[22m
[2m01:23:07[22m [34m[200][39m / [2m37ms[22m
[2m01:24:09[22m [34m[200][39m / [2m13ms[22m
[2m01:25:39[22m [34m[200][39m / [2m11ms[22m
[2m01:28:03[22m [34m[watch][39m /src/pages/about.astro?astro&type=style&index=0&lang.css
[2m01:28:03[22m [34m[200][39m / [2m18ms[22m
[2m01:28:03[22m [34m[watch][39m /src/pages/contact.astro?astro&type=style&index=0&lang.css
[2m01:28:03[22m [34m[watch][39m /src/pages/index.astro?astro&type=style&index=0&lang.css
[2m01:28:04[22m [34m[200][39m / [2m20ms[22m
[2m01:28:04[22m [34m[200][39m / [2m7ms[22m
[2m01:30:12[22m [34m[watch][39m /src/pages/about.astro?astro&type=style&index=0&lang.css
[2m01:30:12[22m [34m[200][39m / [2m13ms[22m
[2m01:30:12[22m [34m[watch][39m src/pages/products.astro
[2m01:30:13[22m [34m[200][39m / [2m18ms[22m
[2m01:30:57[22m [34m[watch][39m /src/styles/global.css
[2m01:30:57[22m [34m[watch][39m src/pages/products.astro
[2m01:30:57[22m [34m[200][39m / [2m21ms[22m
[2m01:30:58[22m [34m[200][39m / [2m8ms[22m
[2m01:34:58[22m [34m[200][39m /services [2m104ms[22m
[2m01:35:07[22m [34m[200][39m /services [2m5ms[22m
[2m01:35:09[22m [34m[200][39m /products [2m49ms[22m
[2m01:35:26[22m [34m[200][39m /contact [2m36ms[22m
[2m01:39:49[22m [34m[200][39m / [2m7ms[22m
[2m01:39:50[22m [34m[200][39m / [2m7ms[22m
[2m01:39:58[22m [34m[200][39m / [2m9ms[22m
[2m01:41:05[22m [34m[watch][39m /src/pages/index.astro?astro&type=style&index=0&lang.css
[2m01:41:05[22m [34m[200][39m / [2m22ms[22m
[2m01:41:06[22m [34m[200][39m / [2m5ms[22m
[2m01:41:20[22m [34m[watch][39m /src/pages/about.astro?astro&type=style&index=0&lang.css
[2m01:41:20[22m [34m[200][39m / [2m7ms[22m
[2m01:41:21[22m [34m[200][39m / [2m13ms[22m
[2m01:41:28[22m [34m[watch][39m /src/pages/services.astro?astro&type=style&index=0&lang.css
[2m01:41:28[22m [34m[200][39m / [2m9ms[22m
[2m01:41:29[22m [34m[200][39m / [2m12ms[22m
[2m01:41:42[22m [34m[watch][39m /src/pages/contact.astro?astro&type=style&index=0&lang.css
[2m01:41:42[22m [34m[200][39m / [2m8ms[22m
[2m01:41:43[22m [34m[200][39m / [2m16ms[22m
[2m01:42:55[22m [34m[200][39m / [2m5ms[22m
