Another astro dev server is already running.

  URL:  http://127.0.0.1:4321
  PID:  20032

Run `astro dev stop` to stop it, or use `astro dev --force` to replace it.
  [1mLocation:[22m
    [4mC:\tarfwk\takaeng\taka-website\node_modules\astro\dist\cli\dev\index.js:153:13[24m
  [1mStack trace:[22m
[2m    at dev (file:///C:/tarfwk/takae[2m03:43:53[22m [34m[200][39m /products [2m58ms[22m
[2m03:43:53[22m [34m[200][39m /products [2m13ms[22m
[2m03:43:53[22m [34m[200][39m /products [2m7ms[22m
[2m03:44:41[22m [34m[200][39m /products [2m26ms[22m
[2m03:45:02[22m [34m[200][39m /about [2m22ms[22m
[2m03:46:35[22m [34m[watch][39m /src/styles/global.css
[2m03:47:04[22m [34m[watch][39m /src/pages/about.astro?astro&type=style&index=0&lang.css
[2m03:47:04[22m [34m[200][39m /products [2m102ms[22m
[2m03:47:05[22m [34m[200][39m /about [2m29ms[22m
[2m03:48:02[22m [34m[200][39m /about [2m42ms[22m
[2m03:48:45[22m [34m[watch][39m src/pages/products.astro
[2m03:48:45[22m [34m[200][39m /about [2m37ms[22m
[2m03:48:46[22m [34m[200][39m /about [2m15ms[22m
[2m03:50:04[22m [34m[200][39m /products [2m33ms[22m
[2m03:50:05[22m [34m[200][39m / [2m30ms[22m
[2m03:50:59[22m [34m[200][39m / [2m5ms[22m
[2m03:51:51[22m [34m[watch][39m src/components/Header.astro
[2m03:51:51[22m [34m[200][39m / [2m35ms[22m
[2m03:51:51[22m [34m[200][39m / [2m35ms[22m
[2m03:52:02[22m [34m[200][39m / [2m4ms[22m
[2m03:53:22[22m [34m[watch][39m src/components/Header.astro
[2m03:53:22[22m [34m[200][39m / [2m26ms[22m
[2m03:53:23[22m [34m[200][39m / [2m25ms[22m
[2m03:53:50[22m [34m[watch][39m src/components/Header.astro
[2m03:53:50[22m [34m[200][39m / [2m41ms[22m
[2m03:53:51[22m [34m[200][39m / [2m24ms[22m
[2m03:54:29[22m [34m[200][39m /products [2m43ms[22m
[2m03:54:53[22m [34m[watch][39m /src/components/Header.astro?astro&type=style&index=0&lang.css
[2m03:55:04[22m [34m[200][39m / [2m8ms[22m
[2m03:55:18[22m [34m[200][39m /services [2m25ms[22m
[2m03:55:22[22m [34m[200][39m /about [2m26ms[22m
[2m03:55:24[22m [34m[200][39m /contact [2m35ms[22m
[2m03:55:25[22m [34m[200][39m /products [2m11ms[22m
[2m03:55:28[22m [34m[200][39m / [2m4ms[22m
[2m03:56:49[22m [34m[200][39m /products [2m17ms[22m
[2m03:57:55[22m [34m[200][39m /products [2m12ms[22m
[2m03:58:40[22m [34m[watch][39m src/pages/products.astro
[2m03:58:40[22m [34m[200][39m /products [2m99ms[22m
[2m03:58:41[22m [34m[200][39m /products [2m31ms[22m
[2m03:59:00[22m [34m[200][39m /products [2m18ms[22m
[2m03:59:34[22m [34m[watch][39m /src/pages/products.astro?astro&type=style&index=0&lang.css
[2m04:02:25[22m [34m[watch][39m src/pages/products.astro
[2m04:02:25[22m [34m[200][39m /products [2m42ms[22m
[2m04:02:25[22m [34m[200][39m /products [2m42ms[22m
[2m04:02:39[22m [34m[200][39m /products [2m9ms[22m
[2m04:03:13[22m [34m[watch][39m src/pages/products.astro
[2m04:03:13[22m [34m[200][39m /products [2m34ms[22m
[2m04:03:13[22m [34m[200][39m /products [2m34ms[22m
[2m04:03:27[22m [34m[200][39m /products [2m5ms[22m
[2m04:04:39[22m [34m[watch][39m /src/pages/products.astro?astro&type=style&index=0&lang.css
[2m04:09:06[22m [34m[200][39m / [2m17ms[22m
[2m04:09:29[22m [34m[200][39m /products [2m10ms[22m
[2m04:09:40[22m [34m[200][39m /services [2m5ms[22m
[2m04:09:46[22m [34m[200][39m /about [2m6ms[22m
[2m04:10:12[22m [34m[200][39m /contact [2m7ms[22m
[2m04:10:27[22m [34m[200][39m /contact [2m5ms[22m
[2m04:10:29[22m [34m[200][39m /about [2m7ms[22m
[2m04:11:56[22m [34m[200][39m /products [2m13ms[22m
[2m04:11:57[22m [34m[watch][39m src/pages/products.astro
[2m04:11:57[22m [34m[200][39m /products [2m35ms[22m
[2m04:11:57[22m [34m[200][39m /products [2m35ms[22m
[2m04:12:05[22m [34m[200][39m /products [2m4ms[22m
[2m04:12:26[22m [34m[200][39m /products [2m19ms[22m
[2m04:12:27[22m [34m[200][39m / [2m10ms[22m
[2m04:13:32[22m [34m[watch][39m /src/pages/about.astro?astro&type=style&index=0&lang.css
[2m04:13:32[22m [34m[200][39m /products [2m18ms[22m
[2m04:13:33[22m [34m[200][39m / [2m17ms[22m
[2m04:14:47[22m [34m[200][39m /products [2m15ms[22m
[2m04:15:09[22m [34m[200][39m /about [2m37ms[22m
[2m04:15:53[22m [34m[200][39m / [2m6ms[22m
[2m04:16:45[22m [34m[watch][39m src/components/Header.astro
[2m04:16:45[22m [34m[200][39m /products [2m63ms[22m
[2m04:16:46[22m [34m[200][39m / [2m32ms[22m
[2m04:16:53[22m [34m[watch][39m /src/pages/about.astro?astro&type=style&index=0&lang.css
[2m04:16:54[22m [34m[200][39m /products [2m31ms[22m
[2m04:16:54[22m [34m[200][39m / [2m10ms[22m
[2m04:17:04[22m [34m[watch][39m /src/pages/contact.astro?astro&type=style&index=0&lang.css
[2m04:17:04[22m [34m[200][39m /products [2m15ms[22m
[2m04:17:05[22m [34m[200][39m / [2m11ms[22m
[2m04:17:12[22m [34m[watch][39m /src/components/Footer.astro?astro&type=style&index=0&lang.css
[2m04:17:13[22m [34m[200][39m /products [2m84ms[22m
[2m04:17:13[22m [34m[200][39m / [2m22ms[22m
[2m04:17:34[22m [34m[200][39m /products [2m15ms[22m
[2m04:17:38[22m [34m[200][39m /services [2m31ms[22m
[2m04:17:40[22m [34m[200][39m /about [2m18ms[22m
[2m04:17:41[22m [34m[200][39m /contact [2m17ms[22m
[2m04:17:48[22m [34m[watch][39m /src/pages/about.astro?astro&type=style&index=0&lang.css
[2m04:17:48[22m [34m[200][39m /contact [2m16ms[22m
[2m04:17:48[22m [34m[200][39m /products [2m7ms[22m
[2m04:17:49[22m [34m[200][39m / [2m8ms[22m
[2m04:18:20[22m [34m[watch][39m /src/pages/about.astro?astro&type=style&index=0&lang.css
[2m04:18:20[22m [34m[200][39m /products [2m15ms[22m
[2m04:18:21[22m [34m[200][39m / [2m12ms[22m
[2m04:18:30[22m [34m[watch][39m /src/pages/contact.astro?astro&type=style&index=0&lang.css
[2m04:18:30[22m [34m[200][39m /products [2m35ms[22m
[2m04:18:31[22m [34m[200][39m / [2m3ms[22m
[2m04:19:28[22m [34m[watch][39m /src/components/Footer.astro?astro&type=style&index=0&lang.css
[2m04:19:28[22m [34m[200][39m /products [2m54ms[22m
[2m04:19:29[22m [34m[200][39m / [2m57ms[22m
[2m04:19:42[22m [34m[200][39m / [2m10ms[22m
[2m04:20:43[22m [34m[watch][39m /src/pages/contact.astro?astro&type=style&index=0&lang.css
[2m04:20:43[22m [34m[200][39m /products [2m15ms[22m
[2m04:20:44[22m [34m[200][39m / [2m6ms[22m
